// Jest Snapshot v1, https://goo.gl/fbAQLP

exports[`Palette V2 Visual Regression matches snapshot (V2 palette, typography, shadows, UI components) 1`] = `
<ScrollView
  style={
    {
      "backgroundColor": "#FFFFFF",
      "flex": 1,
      "padding": 16,
    }
  }
  testID="palette-v2-regression-screen"
>
  <Text
    style={
      {
        "color": "#1B1D1F",
        "fontSize": 18,
        "fontWeight": "700",
        "marginBottom": 8,
        "marginTop": 24,
      }
    }
  >
    Brand
  </Text>
  <View
    style={
      {
        "flexDirection": "row",
        "flexWrap": "wrap",
        "gap": 8,
        "marginBottom": 16,
      }
    }
  >
    <View
      style={
        {
          "alignItems": "center",
          "marginBottom": 8,
        }
      }
    >
      <View
        style={
          [
            {
              "borderRadius": 6,
              "height": 48,
              "marginBottom": 4,
              "width": 48,
            },
            {
              "backgroundColor": "#2A8FA8",
            },
          ]
        }
      />
      <Text
        numberOfLines={1}
        style={
          {
            "color": "#1B1D1F",
            "fontSize": 11,
            "maxWidth": 60,
          }
        }
      >
        primary
      </Text>
      <Text
        numberOfLines={1}
        style={
          {
            "color": "#5C6164",
            "fontSize": 11,
            "maxWidth": 60,
          }
        }
      >
        #2A8FA8
      </Text>
    </View>
    <View
      style={
        {
          "alignItems": "center",
          "marginBottom": 8,
        }
      }
    >
      <View
        style={
          [
            {
              "borderRadius": 6,
              "height": 48,
              "marginBottom": 4,
              "width": 48,
            },
            {
              "backgroundColor": "#4FA9BF",
            },
          ]
        }
      />
      <Text
        numberOfLines={1}
        style={
          {
            "color": "#1B1D1F",
            "fontSize": 11,
            "maxWidth": 60,
          }
        }
      >
        primaryLight
      </Text>
      <Text
        numberOfLines={1}
        style={
          {
            "color": "#5C6164",
            "fontSize": 11,
            "maxWidth": 60,
          }
        }
      >
        #4FA9BF
      </Text>
    </View>
    <View
      style={
        {
          "alignItems": "center",
          "marginBottom": 8,
        }
      }
    >
      <View
        style={
          [
            {
              "borderRadius": 6,
              "height": 48,
              "marginBottom": 4,
              "width": 48,
            },
            {
              "backgroundColor": "#1F6F84",
            },
          ]
        }
      />
      <Text
        numberOfLines={1}
        style={
          {
            "color": "#1B1D1F",
            "fontSize": 11,
            "maxWidth": 60,
          }
        }
      >
        primaryDark
      </Text>
      <Text
        numberOfLines={1}
        style={
          {
            "color": "#5C6164",
            "fontSize": 11,
            "maxWidth": 60,
          }
        }
      >
        #1F6F84
      </Text>
    </View>
  </View>
  <Text
    style={
      {
        "color": "#1B1D1F",
        "fontSize": 18,
        "fontWeight": "700",
        "marginBottom": 8,
        "marginTop": 24,
      }
    }
  >
    Semantic
  </Text>
  <View
    style={
      {
        "flexDirection": "row",
        "flexWrap": "wrap",
        "gap": 8,
        "marginBottom": 16,
      }
    }
  >
    <View
      style={
        {
          "alignItems": "center",
          "marginBottom": 8,
        }
      }
    >
      <View
        style={
          [
            {
              "borderRadius": 6,
              "height": 48,
              "marginBottom": 4,
              "width": 48,
            },
            {
              "backgroundColor": "#B84545",
            },
          ]
        }
      />
      <Text
        numberOfLines={1}
        style={
          {
            "color": "#1B1D1F",
            "fontSize": 11,
            "maxWidth": 60,
          }
        }
      >
        danger
      </Text>
      <Text
        numberOfLines={1}
        style={
          {
            "color": "#5C6164",
            "fontSize": 11,
            "maxWidth": 60,
          }
        }
      >
        #B84545
      </Text>
    </View>
    <View
      style={
        {
          "alignItems": "center",
          "marginBottom": 8,
        }
      }
    >
      <View
        style={
          [
            {
              "borderRadius": 6,
              "height": 48,
              "marginBottom": 4,
              "width": 48,
            },
            {
              "backgroundColor": "#C28B3C",
            },
          ]
        }
      />
      <Text
        numberOfLines={1}
        style={
          {
            "color": "#1B1D1F",
            "fontSize": 11,
            "maxWidth": 60,
          }
        }
      >
        warning
      </Text>
      <Text
        numberOfLines={1}
        style={
          {
            "color": "#5C6164",
            "fontSize": 11,
            "maxWidth": 60,
          }
        }
      >
        #C28B3C
      </Text>
    </View>
    <View
      style={
        {
          "alignItems": "center",
          "marginBottom": 8,
        }
      }
    >
      <View
        style={
          [
            {
              "borderRadius": 6,
              "height": 48,
              "marginBottom": 4,
              "width": 48,
            },
            {
              "backgroundColor": "#4A9B6E",
            },
          ]
        }
      />
      <Text
        numberOfLines={1}
        style={
          {
            "color": "#1B1D1F",
            "fontSize": 11,
            "maxWidth": 60,
          }
        }
      >
        success
      </Text>
      <Text
        numberOfLines={1}
        style={
          {
            "color": "#5C6164",
            "fontSize": 11,
            "maxWidth": 60,
          }
        }
      >
        #4A9B6E
      </Text>
    </View>
    <View
      style={
        {
          "alignItems": "center",
          "marginBottom": 8,
        }
      }
    >
      <View
        style={
          [
            {
              "borderRadius": 6,
              "height": 48,
              "marginBottom": 4,
              "width": 48,
            },
            {
              "backgroundColor": "#3D7AA8",
            },
          ]
        }
      />
      <Text
        numberOfLines={1}
        style={
          {
            "color": "#1B1D1F",
            "fontSize": 11,
            "maxWidth": 60,
          }
        }
      >
        info
      </Text>
      <Text
        numberOfLines={1}
        style={
          {
            "color": "#5C6164",
            "fontSize": 11,
            "maxWidth": 60,
          }
        }
      >
        #3D7AA8
      </Text>
    </View>
  </View>
  <Text
    style={
      {
        "color": "#1B1D1F",
        "fontSize": 18,
        "fontWeight": "700",
        "marginBottom": 8,
        "marginTop": 24,
      }
    }
  >
    Neutral Scale
  </Text>
  <View
    style={
      {
        "alignItems": "center",
        "flexDirection": "row",
        "justifyContent": "space-between",
        "marginBottom": 4,
      }
    }
  >
    <Text
      style={
        {
          "color": "#1B1D1F",
          "fontSize": 12,
          "minWidth": 80,
        }
      }
    >
      neutral.
      0
    </Text>
    <View
      style={
        [
          {
            "borderRadius": 6,
            "height": 24,
            "width": 100,
          },
          {
            "backgroundColor": "#FFFFFF",
          },
        ]
      }
    />
  </View>
  <View
    style={
      {
        "alignItems": "center",
        "flexDirection": "row",
        "justifyContent": "space-between",
        "marginBottom": 4,
      }
    }
  >
    <Text
      style={
        {
          "color": "#1B1D1F",
          "fontSize": 12,
          "minWidth": 80,
        }
      }
    >
      neutral.
      50
    </Text>
    <View
      style={
        [
          {
            "borderRadius": 6,
            "height": 24,
            "width": 100,
          },
          {
            "backgroundColor": "#F8F9FA",
          },
        ]
      }
    />
  </View>
  <View
    style={
      {
        "alignItems": "center",
        "flexDirection": "row",
        "justifyContent": "space-between",
        "marginBottom": 4,
      }
    }
  >
    <Text
      style={
        {
          "color": "#1B1D1F",
          "fontSize": 12,
          "minWidth": 80,
        }
      }
    >
      neutral.
      100
    </Text>
    <View
      style={
        [
          {
            "borderRadius": 6,
            "height": 24,
            "width": 100,
          },
          {
            "backgroundColor": "#F1F3F4",
          },
        ]
      }
    />
  </View>
  <View
    style={
      {
        "alignItems": "center",
        "flexDirection": "row",
        "justifyContent": "space-between",
        "marginBottom": 4,
      }
    }
  >
    <Text
      style={
        {
          "color": "#1B1D1F",
          "fontSize": 12,
          "minWidth": 80,
        }
      }
    >
      neutral.
      200
    </Text>
    <View
      style={
        [
          {
            "borderRadius": 6,
            "height": 24,
            "width": 100,
          },
          {
            "backgroundColor": "#E4E7E9",
          },
        ]
      }
    />
  </View>
  <View
    style={
      {
        "alignItems": "center",
        "flexDirection": "row",
        "justifyContent": "space-between",
        "marginBottom": 4,
      }
    }
  >
    <Text
      style={
        {
          "color": "#1B1D1F",
          "fontSize": 12,
          "minWidth": 80,
        }
      }
    >
      neutral.
      300
    </Text>
    <View
      style={
        [
          {
            "borderRadius": 6,
            "height": 24,
            "width": 100,
          },
          {
            "backgroundColor": "#C9CDD0",
          },
        ]
      }
    />
  </View>
  <View
    style={
      {
        "alignItems": "center",
        "flexDirection": "row",
        "justifyContent": "space-between",
        "marginBottom": 4,
      }
    }
  >
    <Text
      style={
        {
          "color": "#1B1D1F",
          "fontSize": 12,
          "minWidth": 80,
        }
      }
    >
      neutral.
      400
    </Text>
    <View
      style={
        [
          {
            "borderRadius": 6,
            "height": 24,
            "width": 100,
          },
          {
            "backgroundColor": "#9DA1A4",
          },
        ]
      }
    />
  </View>
  <View
    style={
      {
        "alignItems": "center",
        "flexDirection": "row",
        "justifyContent": "space-between",
        "marginBottom": 4,
      }
    }
  >
    <Text
      style={
        {
          "color": "#1B1D1F",
          "fontSize": 12,
          "minWidth": 80,
        }
      }
    >
      neutral.
      500
    </Text>
    <View
      style={
        [
          {
            "borderRadius": 6,
            "height": 24,
            "width": 100,
          },
          {
            "backgroundColor": "#7C8084",
          },
        ]
      }
    />
  </View>
  <View
    style={
      {
        "alignItems": "center",
        "flexDirection": "row",
        "justifyContent": "space-between",
        "marginBottom": 4,
      }
    }
  >
    <Text
      style={
        {
          "color": "#1B1D1F",
          "fontSize": 12,
          "minWidth": 80,
        }
      }
    >
      neutral.
      600
    </Text>
    <View
      style={
        [
          {
            "borderRadius": 6,
            "height": 24,
            "width": 100,
          },
          {
            "backgroundColor": "#5C6164",
          },
        ]
      }
    />
  </View>
  <View
    style={
      {
        "alignItems": "center",
        "flexDirection": "row",
        "justifyContent": "space-between",
        "marginBottom": 4,
      }
    }
  >
    <Text
      style={
        {
          "color": "#1B1D1F",
          "fontSize": 12,
          "minWidth": 80,
        }
      }
    >
      neutral.
      700
    </Text>
    <View
      style={
        [
          {
            "borderRadius": 6,
            "height": 24,
            "width": 100,
          },
          {
            "backgroundColor": "#424649",
          },
        ]
      }
    />
  </View>
  <View
    style={
      {
        "alignItems": "center",
        "flexDirection": "row",
        "justifyContent": "space-between",
        "marginBottom": 4,
      }
    }
  >
    <Text
      style={
        {
          "color": "#1B1D1F",
          "fontSize": 12,
          "minWidth": 80,
        }
      }
    >
      neutral.
      800
    </Text>
    <View
      style={
        [
          {
            "borderRadius": 6,
            "height": 24,
            "width": 100,
          },
          {
            "backgroundColor": "#2C2F31",
          },
        ]
      }
    />
  </View>
  <View
    style={
      {
        "alignItems": "center",
        "flexDirection": "row",
        "justifyContent": "space-between",
        "marginBottom": 4,
      }
    }
  >
    <Text
      style={
        {
          "color": "#1B1D1F",
          "fontSize": 12,
          "minWidth": 80,
        }
      }
    >
      neutral.
      900
    </Text>
    <View
      style={
        [
          {
            "borderRadius": 6,
            "height": 24,
            "width": 100,
          },
          {
            "backgroundColor": "#1B1D1F",
          },
        ]
      }
    />
  </View>
  <View
    style={
      {
        "alignItems": "center",
        "flexDirection": "row",
        "justifyContent": "space-between",
        "marginBottom": 4,
      }
    }
  >
    <Text
      style={
        {
          "color": "#1B1D1F",
          "fontSize": 12,
          "minWidth": 80,
        }
      }
    >
      neutral.
      1000
    </Text>
    <View
      style={
        [
          {
            "borderRadius": 6,
            "height": 24,
            "width": 100,
          },
          {
            "backgroundColor": "#0F1011",
          },
        ]
      }
    />
  </View>
  <Text
    style={
      {
        "color": "#1B1D1F",
        "fontSize": 18,
        "fontWeight": "700",
        "marginBottom": 8,
        "marginTop": 24,
      }
    }
  >
    Surface
  </Text>
  <View
    style={
      {
        "flexDirection": "row",
        "flexWrap": "wrap",
        "gap": 8,
        "marginBottom": 16,
      }
    }
  >
    <View
      style={
        {
          "alignItems": "center",
          "marginBottom": 8,
        }
      }
    >
      <View
        style={
          [
            {
              "borderRadius": 6,
              "height": 48,
              "marginBottom": 4,
              "width": 48,
            },
            {
              "backgroundColor": "#FFFFFF",
            },
          ]
        }
      />
      <Text
        numberOfLines={1}
        style={
          {
            "color": "#1B1D1F",
            "fontSize": 11,
            "maxWidth": 60,
          }
        }
      >
        bg
      </Text>
      <Text
        numberOfLines={1}
        style={
          {
            "color": "#5C6164",
            "fontSize": 11,
            "maxWidth": 60,
          }
        }
      >
        #FFFFFF
      </Text>
    </View>
    <View
      style={
        {
          "alignItems": "center",
          "marginBottom": 8,
        }
      }
    >
      <View
        style={
          [
            {
              "borderRadius": 6,
              "height": 48,
              "marginBottom": 4,
              "width": 48,
            },
            {
              "backgroundColor": "#F8F9FA",
            },
          ]
        }
      />
      <Text
        numberOfLines={1}
        style={
          {
            "color": "#1B1D1F",
            "fontSize": 11,
            "maxWidth": 60,
          }
        }
      >
        base
      </Text>
      <Text
        numberOfLines={1}
        style={
          {
            "color": "#5C6164",
            "fontSize": 11,
            "maxWidth": 60,
          }
        }
      >
        #F8F9FA
      </Text>
    </View>
    <View
      style={
        {
          "alignItems": "center",
          "marginBottom": 8,
        }
      }
    >
      <View
        style={
          [
            {
              "borderRadius": 6,
              "height": 48,
              "marginBottom": 4,
              "width": 48,
            },
            {
              "backgroundColor": "#FFFFFF",
            },
          ]
        }
      />
      <Text
        numberOfLines={1}
        style={
          {
            "color": "#1B1D1F",
            "fontSize": 11,
            "maxWidth": 60,
          }
        }
      >
        raised
      </Text>
      <Text
        numberOfLines={1}
        style={
          {
            "color": "#5C6164",
            "fontSize": 11,
            "maxWidth": 60,
          }
        }
      >
        #FFFFFF
      </Text>
    </View>
  </View>
  <Text
    style={
      {
        "color": "#1B1D1F",
        "fontSize": 18,
        "fontWeight": "700",
        "marginBottom": 8,
        "marginTop": 24,
      }
    }
  >
    Border
  </Text>
  <View
    style={
      {
        "flexDirection": "row",
        "flexWrap": "wrap",
        "gap": 8,
        "marginBottom": 16,
      }
    }
  >
    <View
      style={
        {
          "alignItems": "center",
          "marginBottom": 8,
        }
      }
    >
      <View
        style={
          [
            {
              "borderRadius": 6,
              "height": 48,
              "marginBottom": 4,
              "width": 48,
            },
            {
              "backgroundColor": "#E4E7E9",
            },
          ]
        }
      />
      <Text
        numberOfLines={1}
        style={
          {
            "color": "#1B1D1F",
            "fontSize": 11,
            "maxWidth": 60,
          }
        }
      >
        subtle
      </Text>
      <Text
        numberOfLines={1}
        style={
          {
            "color": "#5C6164",
            "fontSize": 11,
            "maxWidth": 60,
          }
        }
      >
        #E4E7E9
      </Text>
    </View>
    <View
      style={
        {
          "alignItems": "center",
          "marginBottom": 8,
        }
      }
    >
      <View
        style={
          [
            {
              "borderRadius": 6,
              "height": 48,
              "marginBottom": 4,
              "width": 48,
            },
            {
              "backgroundColor": "#C9CDD0",
            },
          ]
        }
      />
      <Text
        numberOfLines={1}
        style={
          {
            "color": "#1B1D1F",
            "fontSize": 11,
            "maxWidth": 60,
          }
        }
      >
        default
      </Text>
      <Text
        numberOfLines={1}
        style={
          {
            "color": "#5C6164",
            "fontSize": 11,
            "maxWidth": 60,
          }
        }
      >
        #C9CDD0
      </Text>
    </View>
    <View
      style={
        {
          "alignItems": "center",
          "marginBottom": 8,
        }
      }
    >
      <View
        style={
          [
            {
              "borderRadius": 6,
              "height": 48,
              "marginBottom": 4,
              "width": 48,
            },
            {
              "backgroundColor": "#9DA1A4",
            },
          ]
        }
      />
      <Text
        numberOfLines={1}
        style={
          {
            "color": "#1B1D1F",
            "fontSize": 11,
            "maxWidth": 60,
          }
        }
      >
        strong
      </Text>
      <Text
        numberOfLines={1}
        style={
          {
            "color": "#5C6164",
            "fontSize": 11,
            "maxWidth": 60,
          }
        }
      >
        #9DA1A4
      </Text>
    </View>
  </View>
  <Text
    style={
      {
        "color": "#1B1D1F",
        "fontSize": 18,
        "fontWeight": "700",
        "marginBottom": 8,
        "marginTop": 24,
      }
    }
  >
    Text
  </Text>
  <View
    style={
      {
        "flexDirection": "row",
        "flexWrap": "wrap",
        "gap": 8,
        "marginBottom": 16,
      }
    }
  >
    <View
      style={
        {
          "alignItems": "center",
          "marginBottom": 8,
        }
      }
    >
      <View
        style={
          [
            {
              "borderRadius": 6,
              "height": 48,
              "marginBottom": 4,
              "width": 48,
            },
            {
              "backgroundColor": "#1B1D1F",
            },
          ]
        }
      />
      <Text
        numberOfLines={1}
        style={
          {
            "color": "#1B1D1F",
            "fontSize": 11,
            "maxWidth": 60,
          }
        }
      >
        primary
      </Text>
      <Text
        numberOfLines={1}
        style={
          {
            "color": "#5C6164",
            "fontSize": 11,
            "maxWidth": 60,
          }
        }
      >
        #1B1D1F
      </Text>
    </View>
    <View
      style={
        {
          "alignItems": "center",
          "marginBottom": 8,
        }
      }
    >
      <View
        style={
          [
            {
              "borderRadius": 6,
              "height": 48,
              "marginBottom": 4,
              "width": 48,
            },
            {
              "backgroundColor": "#5C6164",
            },
          ]
        }
      />
      <Text
        numberOfLines={1}
        style={
          {
            "color": "#1B1D1F",
            "fontSize": 11,
            "maxWidth": 60,
          }
        }
      >
        secondary
      </Text>
      <Text
        numberOfLines={1}
        style={
          {
            "color": "#5C6164",
            "fontSize": 11,
            "maxWidth": 60,
          }
        }
      >
        #5C6164
      </Text>
    </View>
    <View
      style={
        {
          "alignItems": "center",
          "marginBottom": 8,
        }
      }
    >
      <View
        style={
          [
            {
              "borderRadius": 6,
              "height": 48,
              "marginBottom": 4,
              "width": 48,
            },
            {
              "backgroundColor": "#9DA1A4",
            },
          ]
        }
      />
      <Text
        numberOfLines={1}
        style={
          {
            "color": "#1B1D1F",
            "fontSize": 11,
            "maxWidth": 60,
          }
        }
      >
        disabled
      </Text>
      <Text
        numberOfLines={1}
        style={
          {
            "color": "#5C6164",
            "fontSize": 11,
            "maxWidth": 60,
          }
        }
      >
        #9DA1A4
      </Text>
    </View>
    <View
      style={
        {
          "alignItems": "center",
          "marginBottom": 8,
        }
      }
    >
      <View
        style={
          [
            {
              "borderRadius": 6,
              "height": 48,
              "marginBottom": 4,
              "width": 48,
            },
            {
              "backgroundColor": "#2A8FA8",
            },
          ]
        }
      />
      <Text
        numberOfLines={1}
        style={
          {
            "color": "#1B1D1F",
            "fontSize": 11,
            "maxWidth": 60,
          }
        }
      >
        accent
      </Text>
      <Text
        numberOfLines={1}
        style={
          {
            "color": "#5C6164",
            "fontSize": 11,
            "maxWidth": 60,
          }
        }
      >
        #2A8FA8
      </Text>
    </View>
    <View
      style={
        {
          "alignItems": "center",
          "marginBottom": 8,
        }
      }
    >
      <View
        style={
          [
            {
              "borderRadius": 6,
              "height": 48,
              "marginBottom": 4,
              "width": 48,
            },
            {
              "backgroundColor": "#3D7AA8",
            },
          ]
        }
      />
      <Text
        numberOfLines={1}
        style={
          {
            "color": "#1B1D1F",
            "fontSize": 11,
            "maxWidth": 60,
          }
        }
      >
        link
      </Text>
      <Text
        numberOfLines={1}
        style={
          {
            "color": "#5C6164",
            "fontSize": 11,
            "maxWidth": 60,
          }
        }
      >
        #3D7AA8
      </Text>
    </View>
  </View>
  <Text
    style={
      {
        "color": "#1B1D1F",
        "fontSize": 18,
        "fontWeight": "700",
        "marginBottom": 8,
        "marginTop": 24,
      }
    }
  >
    Legacy Flat Keys
  </Text>
  <View
    style={
      {
        "flexDirection": "row",
        "flexWrap": "wrap",
        "gap": 8,
        "marginBottom": 16,
      }
    }
  >
    <View
      style={
        {
          "alignItems": "center",
          "marginBottom": 8,
        }
      }
    >
      <View
        style={
          [
            {
              "borderRadius": 6,
              "height": 48,
              "marginBottom": 4,
              "width": 48,
            },
            {
              "backgroundColor": "#FFFFFF",
            },
          ]
        }
      />
      <Text
        numberOfLines={1}
        style={
          {
            "color": "#1B1D1F",
            "fontSize": 11,
            "maxWidth": 60,
          }
        }
      >
        bg
      </Text>
      <Text
        numberOfLines={1}
        style={
          {
            "color": "#5C6164",
            "fontSize": 11,
            "maxWidth": 60,
          }
        }
      >
        #FFFFFF
      </Text>
    </View>
    <View
      style={
        {
          "alignItems": "center",
          "marginBottom": 8,
        }
      }
    >
      <View
        style={
          [
            {
              "borderRadius": 6,
              "height": 48,
              "marginBottom": 4,
              "width": 48,
            },
            {
              "backgroundColor": "#F8F9FA",
            },
          ]
        }
      />
      <Text
        numberOfLines={1}
        style={
          {
            "color": "#1B1D1F",
            "fontSize": 11,
            "maxWidth": 60,
          }
        }
      >
        surface
      </Text>
      <Text
        numberOfLines={1}
        style={
          {
            "color": "#5C6164",
            "fontSize": 11,
            "maxWidth": 60,
          }
        }
      >
        #F8F9FA
      </Text>
    </View>
    <View
      style={
        {
          "alignItems": "center",
          "marginBottom": 8,
        }
      }
    >
      <View
        style={
          [
            {
              "borderRadius": 6,
              "height": 48,
              "marginBottom": 4,
              "width": 48,
            },
            {
              "backgroundColor": "#FFFFFF",
            },
          ]
        }
      />
      <Text
        numberOfLines={1}
        style={
          {
            "color": "#1B1D1F",
            "fontSize": 11,
            "maxWidth": 60,
          }
        }
      >
        card
      </Text>
      <Text
        numberOfLines={1}
        style={
          {
            "color": "#5C6164",
            "fontSize": 11,
            "maxWidth": 60,
          }
        }
      >
        #FFFFFF
      </Text>
    </View>
    <View
      style={
        {
          "alignItems": "center",
          "marginBottom": 8,
        }
      }
    >
      <View
        style={
          [
            {
              "borderRadius": 6,
              "height": 48,
              "marginBottom": 4,
              "width": 48,
            },
            {
              "backgroundColor": "#E4E7E9",
            },
          ]
        }
      />
      <Text
        numberOfLines={1}
        style={
          {
            "color": "#1B1D1F",
            "fontSize": 11,
            "maxWidth": 60,
          }
        }
      >
        border
      </Text>
      <Text
        numberOfLines={1}
        style={
          {
            "color": "#5C6164",
            "fontSize": 11,
            "maxWidth": 60,
          }
        }
      >
        #E4E7E9
      </Text>
    </View>
    <View
      style={
        {
          "alignItems": "center",
          "marginBottom": 8,
        }
      }
    >
      <View
        style={
          [
            {
              "borderRadius": 6,
              "height": 48,
              "marginBottom": 4,
              "width": 48,
            },
            {
              "backgroundColor": "#2A8FA8",
            },
          ]
        }
      />
      <Text
        numberOfLines={1}
        style={
          {
            "color": "#1B1D1F",
            "fontSize": 11,
            "maxWidth": 60,
          }
        }
      >
        primary
      </Text>
      <Text
        numberOfLines={1}
        style={
          {
            "color": "#5C6164",
            "fontSize": 11,
            "maxWidth": 60,
          }
        }
      >
        #2A8FA8
      </Text>
    </View>
    <View
      style={
        {
          "alignItems": "center",
          "marginBottom": 8,
        }
      }
    >
      <View
        style={
          [
            {
              "borderRadius": 6,
              "height": 48,
              "marginBottom": 4,
              "width": 48,
            },
            {
              "backgroundColor": "#2A8FA8",
            },
          ]
        }
      />
      <Text
        numberOfLines={1}
        style={
          {
            "color": "#1B1D1F",
            "fontSize": 11,
            "maxWidth": 60,
          }
        }
      >
        gold
      </Text>
      <Text
        numberOfLines={1}
        style={
          {
            "color": "#5C6164",
            "fontSize": 11,
            "maxWidth": 60,
          }
        }
      >
        #2A8FA8
      </Text>
    </View>
    <View
      style={
        {
          "alignItems": "center",
          "marginBottom": 8,
        }
      }
    >
      <View
        style={
          [
            {
              "borderRadius": 6,
              "height": 48,
              "marginBottom": 4,
              "width": 48,
            },
            {
              "backgroundColor": "#1F6F84",
            },
          ]
        }
      />
      <Text
        numberOfLines={1}
        style={
          {
            "color": "#1B1D1F",
            "fontSize": 11,
            "maxWidth": 60,
          }
        }
      >
        green
      </Text>
      <Text
        numberOfLines={1}
        style={
          {
            "color": "#5C6164",
            "fontSize": 11,
            "maxWidth": 60,
          }
        }
      >
        #1F6F84
      </Text>
    </View>
    <View
      style={
        {
          "alignItems": "center",
          "marginBottom": 8,
        }
      }
    >
      <View
        style={
          [
            {
              "borderRadius": 6,
              "height": 48,
              "marginBottom": 4,
              "width": 48,
            },
            {
              "backgroundColor": "#B84545",
            },
          ]
        }
      />
      <Text
        numberOfLines={1}
        style={
          {
            "color": "#1B1D1F",
            "fontSize": 11,
            "maxWidth": 60,
          }
        }
      >
        danger
      </Text>
      <Text
        numberOfLines={1}
        style={
          {
            "color": "#5C6164",
            "fontSize": 11,
            "maxWidth": 60,
          }
        }
      >
        #B84545
      </Text>
    </View>
    <View
      style={
        {
          "alignItems": "center",
          "marginBottom": 8,
        }
      }
    >
      <View
        style={
          [
            {
              "borderRadius": 6,
              "height": 48,
              "marginBottom": 4,
              "width": 48,
            },
            {
              "backgroundColor": "#C28B3C",
            },
          ]
        }
      />
      <Text
        numberOfLines={1}
        style={
          {
            "color": "#1B1D1F",
            "fontSize": 11,
            "maxWidth": 60,
          }
        }
      >
        warning
      </Text>
      <Text
        numberOfLines={1}
        style={
          {
            "color": "#5C6164",
            "fontSize": 11,
            "maxWidth": 60,
          }
        }
      >
        #C28B3C
      </Text>
    </View>
    <View
      style={
        {
          "alignItems": "center",
          "marginBottom": 8,
        }
      }
    >
      <View
        style={
          [
            {
              "borderRadius": 6,
              "height": 48,
              "marginBottom": 4,
              "width": 48,
            },
            {
              "backgroundColor": "#4A9B6E",
            },
          ]
        }
      />
      <Text
        numberOfLines={1}
        style={
          {
            "color": "#1B1D1F",
            "fontSize": 11,
            "maxWidth": 60,
          }
        }
      >
        success
      </Text>
      <Text
        numberOfLines={1}
        style={
          {
            "color": "#5C6164",
            "fontSize": 11,
            "maxWidth": 60,
          }
        }
      >
        #4A9B6E
      </Text>
    </View>
    <View
      style={
        {
          "alignItems": "center",
          "marginBottom": 8,
        }
      }
    >
      <View
        style={
          [
            {
              "borderRadius": 6,
              "height": 48,
              "marginBottom": 4,
              "width": 48,
            },
            {
              "backgroundColor": "#3D7AA8",
            },
          ]
        }
      />
      <Text
        numberOfLines={1}
        style={
          {
            "color": "#1B1D1F",
            "fontSize": 11,
            "maxWidth": 60,
          }
        }
      >
        info
      </Text>
      <Text
        numberOfLines={1}
        style={
          {
            "color": "#5C6164",
            "fontSize": 11,
            "maxWidth": 60,
          }
        }
      >
        #3D7AA8
      </Text>
    </View>
    <View
      style={
        {
          "alignItems": "center",
          "marginBottom": 8,
        }
      }
    >
      <View
        style={
          [
            {
              "borderRadius": 6,
              "height": 48,
              "marginBottom": 4,
              "width": 48,
            },
            {
              "backgroundColor": "#1B1D1F",
            },
          ]
        }
      />
      <Text
        numberOfLines={1}
        style={
          {
            "color": "#1B1D1F",
            "fontSize": 11,
            "maxWidth": 60,
          }
        }
      >
        text
      </Text>
      <Text
        numberOfLines={1}
        style={
          {
            "color": "#5C6164",
            "fontSize": 11,
            "maxWidth": 60,
          }
        }
      >
        #1B1D1F
      </Text>
    </View>
    <View
      style={
        {
          "alignItems": "center",
          "marginBottom": 8,
        }
      }
    >
      <View
        style={
          [
            {
              "borderRadius": 6,
              "height": 48,
              "marginBottom": 4,
              "width": 48,
            },
            {
              "backgroundColor": "#5C6164",
            },
          ]
        }
      />
      <Text
        numberOfLines={1}
        style={
          {
            "color": "#1B1D1F",
            "fontSize": 11,
            "maxWidth": 60,
          }
        }
      >
        muted
      </Text>
      <Text
        numberOfLines={1}
        style={
          {
            "color": "#5C6164",
            "fontSize": 11,
            "maxWidth": 60,
          }
        }
      >
        #5C6164
      </Text>
    </View>
  </View>
  <Text
    style={
      {
        "color": "#1B1D1F",
        "fontSize": 18,
        "fontWeight": "700",
        "marginBottom": 8,
        "marginTop": 24,
      }
    }
  >
    UI Components
  </Text>
  <Text
    style={
      {
        "color": "#2A8FA8",
        "fontSize": 11,
        "fontWeight": "600",
        "letterSpacing": 1.2,
        "lineHeight": 13.2,
        "marginBottom": 8,
        "textTransform": "uppercase",
      }
    }
  >
    Badges
  </Text>
  <View
    style={
      {
        "flexDirection": "row",
        "flexWrap": "wrap",
        "gap": 8,
        "marginBottom": 16,
      }
    }
  >
    <View
      style={
        [
          {
            "alignItems": "center",
            "alignSelf": "flex-start",
            "borderRadius": 6,
            "flexDirection": "row",
            "paddingHorizontal": 10,
            "paddingVertical": 6,
          },
          {
            "backgroundColor": "rgba(194,139,60,0.10)",
          },
        ]
      }
    >
      <View
        style={
          [
            {
              "borderRadius": 3,
              "height": 6,
              "marginRight": 4,
              "width": 6,
            },
            {
              "backgroundColor": "#5C6164",
            },
          ]
        }
      />
      <Text
        style={
          [
            {
              "fontSize": 11,
              "fontWeight": "600",
            },
            {
              "color": "#5C6164",
            },
          ]
        }
      >
        danger
      </Text>
    </View>
    <View
      style={
        [
          {
            "alignItems": "center",
            "alignSelf": "flex-start",
            "borderRadius": 6,
            "flexDirection": "row",
            "paddingHorizontal": 10,
            "paddingVertical": 6,
          },
          {
            "backgroundColor": "rgba(194,139,60,0.10)",
          },
        ]
      }
    >
      <View
        style={
          [
            {
              "borderRadius": 3,
              "height": 6,
              "marginRight": 4,
              "width": 6,
            },
            {
              "backgroundColor": "#5C6164",
            },
          ]
        }
      />
      <Text
        style={
          [
            {
              "fontSize": 11,
              "fontWeight": "600",
            },
            {
              "color": "#5C6164",
            },
          ]
        }
      >
        warning
      </Text>
    </View>
    <View
      style={
        [
          {
            "alignItems": "center",
            "alignSelf": "flex-start",
            "borderRadius": 6,
            "flexDirection": "row",
            "paddingHorizontal": 10,
            "paddingVertical": 6,
          },
          {
            "backgroundColor": "rgba(194,139,60,0.10)",
          },
        ]
      }
    >
      <View
        style={
          [
            {
              "borderRadius": 3,
              "height": 6,
              "marginRight": 4,
              "width": 6,
            },
            {
              "backgroundColor": "#5C6164",
            },
          ]
        }
      />
      <Text
        style={
          [
            {
              "fontSize": 11,
              "fontWeight": "600",
            },
            {
              "color": "#5C6164",
            },
          ]
        }
      >
        success
      </Text>
    </View>
    <View
      style={
        [
          {
            "alignItems": "center",
            "alignSelf": "flex-start",
            "borderRadius": 6,
            "flexDirection": "row",
            "paddingHorizontal": 10,
            "paddingVertical": 6,
          },
          {
            "backgroundColor": "rgba(194,139,60,0.10)",
          },
        ]
      }
    >
      <View
        style={
          [
            {
              "borderRadius": 3,
              "height": 6,
              "marginRight": 4,
              "width": 6,
            },
            {
              "backgroundColor": "#5C6164",
            },
          ]
        }
      />
      <Text
        style={
          [
            {
              "fontSize": 11,
              "fontWeight": "600",
            },
            {
              "color": "#5C6164",
            },
          ]
        }
      >
        info
      </Text>
    </View>
  </View>
  <Text
    style={
      {
        "color": "#2A8FA8",
        "fontSize": 11,
        "fontWeight": "600",
        "letterSpacing": 1.2,
        "lineHeight": 13.2,
        "marginBottom": 8,
        "textTransform": "uppercase",
      }
    }
  >
    Buttons
  </Text>
  <View
    style={
      {
        "flexDirection": "row",
        "flexWrap": "wrap",
        "gap": 8,
        "marginBottom": 16,
      }
    }
  >
    <TouchableOpacity
      disabled={false}
      onPress={[Function]}
      style={
        [
          {
            "alignItems": "center",
            "backgroundColor": "#2A8FA8",
            "borderRadius": 10,
            "justifyContent": "center",
            "paddingHorizontal": 24,
            "paddingVertical": 14,
          },
          false,
          false,
          false,
          undefined,
        ]
      }
    >
      <Text
        style={
          [
            {
              "color": "#FFFFFF",
              "fontSize": 14,
              "fontWeight": "700",
            },
            false,
            false,
          ]
        }
      >
        Filled
      </Text>
    </TouchableOpacity>
    <TouchableOpacity
      disabled={false}
      onPress={[Function]}
      style={
        [
          {
            "alignItems": "center",
            "backgroundColor": "#2A8FA8",
            "borderRadius": 10,
            "justifyContent": "center",
            "paddingHorizontal": 24,
            "paddingVertical": 14,
          },
          {
            "backgroundColor": "transparent",
            "borderColor": "#2A8FA8",
            "borderWidth": 1,
          },
          false,
          false,
          undefined,
        ]
      }
    >
      <Text
        style={
          [
            {
              "color": "#FFFFFF",
              "fontSize": 14,
              "fontWeight": "700",
            },
            {
              "color": "#2A8FA8",
            },
            false,
          ]
        }
      >
        Ghost
      </Text>
    </TouchableOpacity>
    <TouchableOpacity
      disabled={true}
      onPress={[Function]}
      style={
        [
          {
            "alignItems": "center",
            "backgroundColor": "#2A8FA8",
            "borderRadius": 10,
            "justifyContent": "center",
            "paddingHorizontal": 24,
            "paddingVertical": 14,
          },
          false,
          false,
          {
            "opacity": 0.4,
          },
          undefined,
        ]
      }
    >
      <Text
        style={
          [
            {
              "color": "#FFFFFF",
              "fontSize": 14,
              "fontWeight": "700",
            },
            false,
            false,
          ]
        }
      >
        Disabled
      </Text>
    </TouchableOpacity>
    <TouchableOpacity
      disabled={false}
      onPress={[Function]}
      style={
        [
          {
            "alignItems": "center",
            "backgroundColor": "#2A8FA8",
            "borderRadius": 10,
            "justifyContent": "center",
            "paddingHorizontal": 24,
            "paddingVertical": 14,
          },
          false,
          {
            "paddingHorizontal": 16,
            "paddingVertical": 8,
          },
          false,
          undefined,
        ]
      }
    >
      <Text
        style={
          [
            {
              "color": "#FFFFFF",
              "fontSize": 14,
              "fontWeight": "700",
            },
            false,
            {
              "fontSize": 12,
            },
          ]
        }
      >
        Small
      </Text>
    </TouchableOpacity>
  </View>
  <Text
    style={
      {
        "color": "#2A8FA8",
        "fontSize": 11,
        "fontWeight": "600",
        "letterSpacing": 1.2,
        "lineHeight": 13.2,
        "marginBottom": 8,
        "textTransform": "uppercase",
      }
    }
  >
    Alert Banners
  </Text>
  <TouchableOpacity
    style={
      [
        {
          "alignItems": "center",
          "borderRadius": 10,
          "flexDirection": "row",
          "justifyContent": "space-between",
          "marginBottom": 16,
          "padding": 16,
        },
        {
          "backgroundColor": "rgba(184,69,69,0.10)",
        },
      ]
    }
  >
    <Text
      style={
        [
          {
            "flex": 1,
            "fontSize": 14,
            "fontWeight": "600",
          },
          {
            "color": "#B84545",
          },
        ]
      }
    >
      Error banner
    </Text>
    <Text
      style={
        [
          {
            "fontSize": 18,
            "fontWeight": "700",
            "marginLeft": 8,
          },
          {
            "color": "#B84545",
          },
        ]
      }
    >
      →
    </Text>
  </TouchableOpacity>
  <TouchableOpacity
    style={
      [
        {
          "alignItems": "center",
          "borderRadius": 10,
          "flexDirection": "row",
          "justifyContent": "space-between",
          "marginBottom": 16,
          "padding": 16,
        },
        {
          "backgroundColor": "rgba(194,139,60,0.10)",
        },
      ]
    }
  >
    <Text
      style={
        [
          {
            "flex": 1,
            "fontSize": 14,
            "fontWeight": "600",
          },
          {
            "color": "#C28B3C",
          },
        ]
      }
    >
      Warning banner
    </Text>
    <Text
      style={
        [
          {
            "fontSize": 18,
            "fontWeight": "700",
            "marginLeft": 8,
          },
          {
            "color": "#C28B3C",
          },
        ]
      }
    >
      →
    </Text>
  </TouchableOpacity>
  <TouchableOpacity
    style={
      [
        {
          "alignItems": "center",
          "borderRadius": 10,
          "flexDirection": "row",
          "justifyContent": "space-between",
          "marginBottom": 16,
          "padding": 16,
        },
        {
          "backgroundColor": "rgba(74,155,110,0.10)",
        },
      ]
    }
  >
    <Text
      style={
        [
          {
            "flex": 1,
            "fontSize": 14,
            "fontWeight": "600",
          },
          {
            "color": "#4A9B6E",
          },
        ]
      }
    >
      Success banner
    </Text>
    <Text
      style={
        [
          {
            "fontSize": 18,
            "fontWeight": "700",
            "marginLeft": 8,
          },
          {
            "color": "#4A9B6E",
          },
        ]
      }
    >
      →
    </Text>
  </TouchableOpacity>
  <TouchableOpacity
    style={
      [
        {
          "alignItems": "center",
          "borderRadius": 10,
          "flexDirection": "row",
          "justifyContent": "space-between",
          "marginBottom": 16,
          "padding": 16,
        },
        {
          "backgroundColor": "rgba(42,143,168,0.12)",
        },
      ]
    }
  >
    <Text
      style={
        [
          {
            "flex": 1,
            "fontSize": 14,
            "fontWeight": "600",
          },
          {
            "color": "#2A8FA8",
          },
        ]
      }
    >
      Info banner
    </Text>
    <Text
      style={
        [
          {
            "fontSize": 18,
            "fontWeight": "700",
            "marginLeft": 8,
          },
          {
            "color": "#2A8FA8",
          },
        ]
      }
    >
      →
    </Text>
  </TouchableOpacity>
  <Text
    style={
      {
        "color": "#2A8FA8",
        "fontSize": 11,
        "fontWeight": "600",
        "letterSpacing": 1.2,
        "lineHeight": 13.2,
        "marginBottom": 8,
        "textTransform": "uppercase",
      }
    }
  >
    Cards
  </Text>
  <View
    style={
      [
        {
          "backgroundColor": "#FFFFFF",
          "borderColor": "#E4E7E9",
          "borderRadius": 10,
          "borderWidth": 1,
          "marginBottom": 16,
          "padding": 16,
        },
        undefined,
      ]
    }
  >
    <Text
      style={
        {
          "color": "#1B1D1F",
        }
      }
    >
      Default card content
    </Text>
  </View>
  <Text
    style={
      {
        "color": "#2A8FA8",
        "fontSize": 11,
        "fontWeight": "600",
        "letterSpacing": 1.2,
        "lineHeight": 13.2,
        "marginBottom": 8,
        "textTransform": "uppercase",
      }
    }
  >
    Inputs
  </Text>
  <View
    style={
      [
        {
          "backgroundColor": "#F8F9FA",
          "borderColor": "#E4E7E9",
          "borderRadius": 10,
          "borderWidth": 1,
          "marginBottom": 16,
          "paddingHorizontal": 16,
          "paddingVertical": 8,
        },
        undefined,
      ]
    }
  >
    <TextInput
      numberOfLines={1}
      placeholder="Placeholder text"
      placeholderTextColor="#5C6164"
      style={
        [
          {
            "color": "#1B1D1F",
            "fontSize": 14,
          },
          undefined,
        ]
      }
      value=""
    />
  </View>
  <View
    style={
      [
        {
          "backgroundColor": "#F8F9FA",
          "borderColor": "#E4E7E9",
          "borderRadius": 10,
          "borderWidth": 1,
          "marginBottom": 16,
          "paddingHorizontal": 16,
          "paddingVertical": 8,
        },
        undefined,
      ]
    }
  >
    <TextInput
      numberOfLines={1}
      placeholder=""
      placeholderTextColor="#5C6164"
      style={
        [
          {
            "color": "#1B1D1F",
            "fontSize": 14,
          },
          undefined,
        ]
      }
      value="Typed value"
    />
  </View>
  <Text
    style={
      {
        "color": "#2A8FA8",
        "fontSize": 11,
        "fontWeight": "600",
        "letterSpacing": 1.2,
        "lineHeight": 13.2,
        "marginBottom": 8,
        "textTransform": "uppercase",
      }
    }
  >
    Progress Bars
  </Text>
  <View
    style={
      [
        {
          "backgroundColor": "#F8F9FA",
          "borderRadius": 3,
          "overflow": "hidden",
          "width": "100%",
        },
        {
          "height": 6,
        },
      ]
    }
  >
    <View
      style={
        [
          {
            "borderRadius": 3,
          },
          {
            "backgroundColor": "#2A8FA8",
            "height": 6,
            "width": "25%",
          },
        ]
      }
    />
  </View>
  <View
    style={
      [
        {
          "backgroundColor": "#F8F9FA",
          "borderRadius": 3,
          "overflow": "hidden",
          "width": "100%",
        },
        {
          "height": 6,
        },
      ]
    }
  >
    <View
      style={
        [
          {
            "borderRadius": 3,
          },
          {
            "backgroundColor": "#B84545",
            "height": 6,
            "width": "75%",
          },
        ]
      }
    />
  </View>
  <Text
    style={
      {
        "color": "#2A8FA8",
        "fontSize": 11,
        "fontWeight": "600",
        "letterSpacing": 1.2,
        "lineHeight": 13.2,
        "marginBottom": 8,
        "textTransform": "uppercase",
      }
    }
  >
    Avatars
  </Text>
  <View
    style={
      {
        "flexDirection": "row",
        "flexWrap": "wrap",
        "gap": 8,
        "marginBottom": 16,
      }
    }
  >
    <View
      style={
        [
          {
            "alignItems": "center",
            "backgroundColor": "#2A8FA8",
            "justifyContent": "center",
          },
          {
            "borderRadius": 20,
            "height": 40,
            "width": 40,
          },
        ]
      }
    >
      <Text
        style={
          [
            {
              "color": "#FFFFFF",
              "fontWeight": "700",
            },
            {
              "fontSize": 16,
            },
          ]
        }
      >
        AS
      </Text>
    </View>
    <View
      style={
        [
          {
            "alignItems": "center",
            "backgroundColor": "#2A8FA8",
            "justifyContent": "center",
          },
          {
            "borderRadius": 28,
            "height": 56,
            "width": 56,
          },
        ]
      }
    >
      <Text
        style={
          [
            {
              "color": "#FFFFFF",
              "fontWeight": "700",
            },
            {
              "fontSize": 22.400000000000002,
            },
          ]
        }
      >
        BJ
      </Text>
    </View>
  </View>
  <Text
    style={
      {
        "color": "#2A8FA8",
        "fontSize": 11,
        "fontWeight": "600",
        "letterSpacing": 1.2,
        "lineHeight": 13.2,
        "marginBottom": 8,
        "textTransform": "uppercase",
      }
    }
  >
    Empty State
  </Text>
  <View
    style={
      {
        "alignItems": "center",
        "justifyContent": "center",
        "padding": 24,
      }
    }
  >
    <Text
      style={
        {
          "fontSize": 34,
          "marginBottom": 16,
        }
      }
    >
      📭
    </Text>
    <Text
      style={
        {
          "color": "#1B1D1F",
          "fontSize": 18,
          "fontWeight": "600",
          "textAlign": "center",
        }
      }
    >
      No items
    </Text>
    <Text
      style={
        {
          "color": "#5C6164",
          "fontSize": 14,
          "marginTop": 8,
          "textAlign": "center",
        }
      }
    >
      List is empty
    </Text>
  </View>
  <Text
    style={
      {
        "color": "#1B1D1F",
        "fontSize": 18,
        "fontWeight": "700",
        "marginBottom": 8,
        "marginTop": 24,
      }
    }
  >
    Typography Scale
  </Text>
  <Text
    style={
      {
        "color": "#1B1D1F",
        "fontSize": 28,
        "fontWeight": "700",
        "letterSpacing": 0.5,
        "lineHeight": 33.6,
      }
    }
  >
    H1 heading
  </Text>
  <Text
    style={
      {
        "color": "#1B1D1F",
        "fontSize": 22,
        "fontWeight": "600",
        "letterSpacing": 0.5,
        "lineHeight": 28.6,
      }
    }
  >
    H2 heading
  </Text>
  <Text
    style={
      {
        "color": "#1B1D1F",
        "fontSize": 18,
        "fontWeight": "600",
        "lineHeight": 27,
      }
    }
  >
    H3 heading
  </Text>
  <Text
    style={
      {
        "color": "#1B1D1F",
        "fontSize": 14,
        "fontWeight": "400",
        "lineHeight": 21,
      }
    }
  >
    Body text
  </Text>
  <Text
    style={
      {
        "color": "#5C6164",
        "fontSize": 12,
        "fontWeight": "400",
        "lineHeight": 18,
      }
    }
  >
    Caption text
  </Text>
  <Text
    style={
      {
        "color": "#2A8FA8",
        "fontSize": 11,
        "fontWeight": "600",
        "letterSpacing": 1.2,
        "lineHeight": 13.2,
        "textTransform": "uppercase",
      }
    }
  >
    Label text
  </Text>
  <Text
    style={
      {
        "color": "#1B1D1F",
        "fontSize": 18,
        "fontWeight": "700",
        "marginBottom": 8,
        "marginTop": 24,
      }
    }
  >
    Shadow Levels
  </Text>
  <View
    style={
      [
        {
          "backgroundColor": "#FFFFFF",
          "borderColor": "#E4E7E9",
          "borderRadius": 10,
          "borderWidth": 1,
          "marginBottom": 8,
          "padding": 16,
        },
        {
          "elevation": 0,
          "shadowColor": "#0F1011",
          "shadowOffset": {
            "height": 0,
            "width": 0,
          },
          "shadowOpacity": 0,
          "shadowRadius": 0,
        },
      ]
    }
  >
    <Text
      style={
        {
          "color": "#1B1D1F",
        }
      }
    >
      Shadow 
      0
    </Text>
  </View>
  <View
    style={
      [
        {
          "backgroundColor": "#FFFFFF",
          "borderColor": "#E4E7E9",
          "borderRadius": 10,
          "borderWidth": 1,
          "marginBottom": 8,
          "padding": 16,
        },
        {
          "elevation": 1,
          "shadowColor": "#0F1011",
          "shadowOffset": {
            "height": 1,
            "width": 0,
          },
          "shadowOpacity": 0.06,
          "shadowRadius": 2,
        },
      ]
    }
  >
    <Text
      style={
        {
          "color": "#1B1D1F",
        }
      }
    >
      Shadow 
      1
    </Text>
  </View>
  <View
    style={
      [
        {
          "backgroundColor": "#FFFFFF",
          "borderColor": "#E4E7E9",
          "borderRadius": 10,
          "borderWidth": 1,
          "marginBottom": 8,
          "padding": 16,
        },
        {
          "elevation": 3,
          "shadowColor": "#0F1011",
          "shadowOffset": {
            "height": 2,
            "width": 0,
          },
          "shadowOpacity": 0.08,
          "shadowRadius": 6,
        },
      ]
    }
  >
    <Text
      style={
        {
          "color": "#1B1D1F",
        }
      }
    >
      Shadow 
      2
    </Text>
  </View>
  <View
    style={
      [
        {
          "backgroundColor": "#FFFFFF",
          "borderColor": "#E4E7E9",
          "borderRadius": 10,
          "borderWidth": 1,
          "marginBottom": 8,
          "padding": 16,
        },
        {
          "elevation": 8,
          "shadowColor": "#0F1011",
          "shadowOffset": {
            "height": 8,
            "width": 0,
          },
          "shadowOpacity": 0.1,
          "shadowRadius": 24,
        },
      ]
    }
  >
    <Text
      style={
        {
          "color": "#1B1D1F",
        }
      }
    >
      Shadow 
      3
    </Text>
  </View>
</ScrollView>
`;
